root@srv1329180:~# psql "postgresql://postgres:MAC_T08140615640_Tt@db.djuxiymodxbxchfsfhhp.supabase.co:5432/postgres" -c "SELECT id, email FROM admins;"
Command 'psql' not found, but can be installed with:
apt install postgresql-client-common
root@srv1329180:~# apt install -y postgresql-client
Reading package lists... Done
Building dependency tree... Done
Reading state information... Done
The following additional packages will be installed:
  libpq5 postgresql-client-16 postgresql-client-common
Suggested packages:
  postgresql-16 postgresql-doc-16
The following NEW packages will be installed:
  libpq5 postgresql-client postgresql-client-16 postgresql-client-common
0 upgraded, 4 newly installed, 0 to remove and 3 not upgraded.
Need to get 1490 kB of archives.
After this operation, 4964 kB of additional disk space will be used.
Get:1 http://archive.ubuntu.com/ubuntu noble-updates/main amd64 libpq5 amd64 16.11-0ubuntu0.24.04.1 [145 kB]
Get:2 http://archive.ubuntu.com/ubuntu noble-updates/main amd64 postgresql-client-common all 257build1.1 [36.4 kB]
Get:3 http://archive.ubuntu.com/ubuntu noble-updates/main amd64 postgresql-client-16 amd64 16.11-0ubuntu0.24.04.1 [1297 kB]
Get:4 http://archive.ubuntu.com/ubuntu noble-updates/main amd64 postgresql-client all 16+257build1.1 [11.6 kB]
Fetched 1490 kB in 0s (5469 kB/s)
Selecting previously unselected package libpq5:amd64.
(Reading database ... 112338 files and directories currently installed.)
Preparing to unpack .../libpq5_16.11-0ubuntu0.24.04.1_amd64.deb ...
Unpacking libpq5:amd64 (16.11-0ubuntu0.24.04.1) ...
Selecting previously unselected package postgresql-client-common.
Preparing to unpack .../postgresql-client-common_257build1.1_all.deb ...
Unpacking postgresql-client-common (257build1.1) ...
Selecting previously unselected package postgresql-client-16.
Preparing to unpack .../postgresql-client-16_16.11-0ubuntu0.24.04.1_amd64.deb ...
Unpacking postgresql-client-16 (16.11-0ubuntu0.24.04.1) ...
Selecting previously unselected package postgresql-client.
Preparing to unpack .../postgresql-client_16+257build1.1_all.deb ...
Unpacking postgresql-client (16+257build1.1) ...
Setting up postgresql-client-common (257build1.1) ...
Setting up libpq5:amd64 (16.11-0ubuntu0.24.04.1) ...
Setting up postgresql-client-16 (16.11-0ubuntu0.24.04.1) ...
update-alternatives: using /usr/share/postgresql/16/man/man1/psql.1.gz to provide /usr/share/man/man1/psql.1.gz (psql.1.gz) in auto mode
Setting up postgresql-client (16+257build1.1) ...
Processing triggers for man-db (2.12.0-4build2) ...
Processing triggers for libc-bin (2.39-0ubuntu8.7) ...
Scanning processes...
Scanning candidates...
Scanning linux images...

Pending kernel upgrade!
Running kernel version:
  6.8.0-90-generic
Diagnostics:
  The currently running kernel version is not the expected kernel version 6.8.0-94-generic.

Restarting the system to load the new kernel will not be handled automatically, so you should consider rebooting.

Restarting services...

Service restarts being deferred:
 /etc/needrestart/restart.d/dbus.service
 systemctl restart getty@tty1.service
 systemctl restart serial-getty@ttyS0.service
 systemctl restart systemd-logind.service
 systemctl restart unattended-upgrades.service

No containers need to be restarted.

User sessions running outdated binaries:
 root @ session #1: sshd[2679]
 root @ user manager service: systemd[2732]

No VM guests are running outdated hypervisor (qemu) binaries on this host.
root@srv1329180:~# cd /var/www/crypto-trading
root@srv1329180:/var/www/crypto-trading# psql "postgresql://postgres:MAC_T08140615640_Tt@db.djuxiymodxbxchfsfhhp.supabase.co:5432/postgres" -c "SELECT id, email FROM admins;"
 id |      email
----+-----------------
  1 | admin@admin.com
(1 row)

root@srv1329180:/var/www/crypto-trading# psql "postgresql://postgres:MAC_T08140615640_Tt@db.djuxiymodxbxchfsfhhp.supabase.co:5432/postgres" -c "SELECT id, email FROM admins;"
 id |      email
----+-----------------
  1 | admin@admin.com
(1 row)

root@srv1329180:/var/www/crypto-trading#





